<html>
<body>
<pre>
<h1>µVision Build Log</h1>
<h2>Project:</h2>
E:\v23he3s2\v23he3s2\Files(3)\data_logger\Project\data_logger.uvproj
Project File Date:  02/28/2024

<h2>Output:</h2>
Build target 'Target 1'
assembling Startup.s...
compiling LCD.c...
compiling external_interrupts_test.c...
pin_function_defines.h(8): warning:  #1-D: last line of file ends without a newline
pin_function_defines.h:                                 
pin_function_defines.h:                                 ^
pin_function_defines.h: external_interrupts_test.c: 1 warning, 0 errors
compiling uart_tx.c...
compiling uart.c...
compiling main.c...
compiling dht11.c...
compiling kpm.c...
compiling delay.c...
linking...
Program Size: Code=6668 RO-data=32 RW-data=40 ZI-data=1256  
FromELF: creating hex file...
"datalogger_op.axf" - 0 Error(s), 1 Warning(s).
Build target 'Target 1'
assembling Startup.s...
compiling LCD.c...
compiling external_interrupts_test.c...
pin_function_defines.h(8): warning:  #1-D: last line of file ends without a newline
pin_function_defines.h:                                 
pin_function_defines.h:                                 ^
pin_function_defines.h: external_interrupts_test.c: 1 warning, 0 errors
compiling uart_tx.c...
compiling uart.c...
compiling main.c...
compiling dht11.c...
compiling delay.c...
compiling kpm.c...
linking...
Program Size: Code=6668 RO-data=32 RW-data=40 ZI-data=1256  
FromELF: creating hex file...
"datalogger_op.axf" - 0 Error(s), 1 Warning(s).
