<html>
<body>
<pre>
<h1>µVision Build Log</h1>
<h2>Project:</h2>
D:\Microsoft one drive\OneDrive\Documents\LPC2148\data logger final\data_logger\Project\data_logger.uvproj
Project File Date:  04/05/2024

<h2>Output:</h2>
Rebuild target 'Target 1'
assembling Startup.s...
compiling LCD.c...
compiling external_interrupts_test.c...
pin_function_defines.h(8): warning:  #1-D: last line of file ends without a newline
                                
external_interrupts_test.c: 1 warning, 0 errors
compiling uart_tx.c...
compiling uart.c...
compiling main.c...
compiling dht11.c...
compiling delay.c...
compiling kpm.c...
linking...
Program Size: Code=6608 RO-data=32 RW-data=40 ZI-data=1256  
FromELF: creating hex file...
".\datalogger_op.axf" - 0 Error(s), 1 Warning(s).
